// Jest Snapshot v1, https://goo.gl/fbAQLP

exports[`should render as expected 1`] = `
<div
  className="sc-bdVaJa eydJRb"
  style={Object {}}
>
  <div
    className="sc-bwzfXH fMILzD"
  >
    <header
      className="sc-htpNat llvRri"
      style={Object {}}
    >
      <span>
        <div
          className="sc-ifAKCX bDEKRH"
        >
          plouc
        </div>
        GitHub User
      </span>
      <div
        className="sc-EHOje dlEdwN"
      >
        <svg
          fill="currentColor"
          height="1em"
          preserveAspectRatio="xMidYMid meet"
          style={
            Object {
              "color": "#000",
              "verticalAlign": "middle",
            }
          }
          viewBox="0 0 40 40"
          width="1em"
        >
          <g>
            <path
              d="m15.8 27.1q0 0.9-0.3 1.9t-1 1.7-1.6 0.7-1.6-0.7-1-1.7-0.2-1.9 0.3-1.8 0.9-1.7 1.6-0.7 1.6 0.7 1 1.7 0.3 1.8z m14.3 0q0 0.9-0.3 1.9t-1 1.7-1.6 0.7-1.6-0.7-1-1.7-0.2-1.9 0.2-1.8 1-1.7 1.6-0.7 1.6 0.7 1 1.7 0.3 1.8z m3.5 0q0-2.6-1.5-4.5t-4.2-1.9q-0.9 0-4.3 0.5-1.6 0.2-3.5 0.2t-3.5-0.2q-3.4-0.5-4.4-0.5-2.6 0-4.2 1.9t-1.5 4.5q0 2 0.7 3.5t1.8 2.3 2.7 1.3 3.2 0.7 3.3 0.1h3.7q1.9 0 3.4-0.1t3.1-0.7 2.7-1.3 1.8-2.3 0.7-3.5z m5-3.9q0 4.6-1.3 7.4-0.9 1.7-2.4 3t-3.1 1.9-3.8 1.1-3.8 0.4-3.8 0.1q-1.7 0-3.1 0t-3.3-0.3-3.4-0.7-3.1-1.1-2.7-1.8-1.9-2.6q-1.4-2.7-1.4-7.4 0-5.3 3-8.8-0.6-1.9-0.6-3.8 0-2.6 1.2-4.9 2.4 0 4.2 0.9t4.2 2.8q3.3-0.8 6.9-0.8 3.3 0 6.3 0.7 2.3-1.8 4.2-2.7t4.2-0.9q1.1 2.3 1.1 4.9 0 1.9-0.6 3.7 3 3.6 3 8.9z"
            />
          </g>
        </svg>
      </div>
    </header>
    <div
      className="sc-bZQynM cUinle"
      style={Object {}}
    >
      <div
        style={
          Object {
            "alignContent": "stretch",
            "display": "flex",
            "flexDirection": "column",
            "height": "100%",
            "justifyContent": "center",
            "padding": "1.6vmin",
            "width": "100%",
          }
        }
      >
        <div
          style={
            Object {
              "alignItems": "center",
              "display": "flex",
              "height": "40%",
              "justifyContent": "center",
            }
          }
        >
          <a
            href={undefined}
            target="_blank"
          >
            <div
              className="sc-eHgmQL bmHIsu"
              style={
                Object {
                  "fontSize": "calc(7vmin / 2)",
                  "height": "7vmin",
                  "width": "7vmin",
                }
              }
            >
              <img
                alt="plouc"
                src="http://mozaik.rocks/avatar.gif"
              />
            </div>
          </a>
        </div>
        <div
          style={
            Object {
              "display": "flex",
              "flexWrap": "wrap",
              "justifyContent": "space-between",
            }
          }
        >
          <span
            className="sc-eNQAEJ huAXoc"
            style={
              Object {
                "marginBottom": "1vmin",
                "width": "48%",
              }
            }
          >
            <span
              className="sc-kEYyzF eZFHkR"
            >
              10
            </span>
            <span
              className="sc-hMqMXs gdXqFR"
            >
              <a
                href="undefined?tab=repositories"
                target="_blank"
              >
                public repos
              </a>
            </span>
          </span>
          <span
            className="sc-eNQAEJ huAXoc"
            style={
              Object {
                "marginBottom": "1vmin",
                "width": "48%",
              }
            }
          >
            <span
              className="sc-kEYyzF eZFHkR"
            >
              11
            </span>
            <span
              className="sc-hMqMXs gdXqFR"
            >
              public gists
            </span>
          </span>
          <span
            className="sc-eNQAEJ huAXoc"
            style={
              Object {
                "marginBottom": "1vmin",
                "width": "48%",
              }
            }
          >
            <span
              className="sc-kEYyzF eZFHkR"
            >
              12
            </span>
            <span
              className="sc-hMqMXs gdXqFR"
            >
              <a
                href="undefined/followers"
                target="_blank"
              >
                followers
              </a>
            </span>
          </span>
          <span
            className="sc-eNQAEJ huAXoc"
            style={
              Object {
                "marginBottom": "1vmin",
                "width": "48%",
              }
            }
          >
            <span
              className="sc-kEYyzF eZFHkR"
            >
              13
            </span>
            <span
              className="sc-hMqMXs gdXqFR"
            >
              <a
                href="undefined/following"
                target="_blank"
              >
                following
              </a>
            </span>
          </span>
          <span
            className="sc-eNQAEJ huAXoc"
            style={
              Object {
                "width": "100%",
              }
            }
          >
            <span
              className="sc-hMqMXs gdXqFR"
            >
              company
            </span>
            <span
              className="sc-kEYyzF eZFHkR"
            >
              ploucorp
            </span>
          </span>
        </div>
      </div>
    </div>
  </div>
</div>
`;
